{-# LANGUAGE NoImplicitPrelude #-}module TestSum2Deep where
import SPL
import VPrelude
import Data.List -- TODO: without a dummy import, indentation goes wrong

data I_BFalse = I_BFalse

data I_BTrue = I_BTrue
data VB = VB_PoS { f_BFalse :: SumOption I_BFalse, f_BTrue :: SumOption I_BTrue }
instance VClass VB where nil = VB_PoS nil nil
                         comb a b = VB_PoS (comb (f_BFalse a) (f_BFalse b)) (comb (f_BTrue a) (f_BTrue b))
instance VClass I_BFalse where nil = I_BFalse
                               comb I_BFalse I_BFalse = I_BFalse
instance VClass I_BTrue where nil = I_BTrue
                              comb I_BTrue I_BTrue = I_BTrue
consI_BFalse x r = r { f_BFalse = x }
consI_BTrue x r = r { f_BTrue = x }
f :: VB -> VInt
f b  = match [(\(Present (I_BFalse, pc)) r -> ((v 0))) (f_BFalse (b)), (\(Present (I_BTrue, pc)) r -> ((v 1))) (f_BTrue (b))]

