{-# LANGUAGE NoImplicitPrelude #-}module TestRecursive2Deep where
import SPL
import VPrelude
import Data.List -- TODO: without a dummy import, indentation goes wrong

data I_LList a = Proxy_LList (VLList a) | I_NNil | I_CCons (V a) (VLList a)

type VLList a = V (I_LList a)
llength :: VLList a -> VInt

llength l  = match l (\(l, pc) -> let __cntxt__ = __cntxt__ /\ pc in case l of Proxy_LList x -> (llength x) /^ __cntxt__
                                                                               I_NNil -> (0 ^| __cntxt__)
                                                                               I_CCons x xs -> toSubV ((1 ^| __cntxt__) + llength (xs /^ __cntxt__)))

data I_BTree a = Proxy_BTree (VBTree a) | I_E | I_T (VBTree a) (V a) (VBTree a)

type VBTree a = V (I_BTree a)


